*** EVALUATION ***
PROGRAM "Z:\home\flo\Computerarchitektur\CA3_Lab1\code\Aufgabe_1_1\bin\Simulator.abs"

*********************************************************************************************
TARGET SECTION
---------------------------------------------------------------------------------------------
Processor   : Freescale HC12
Memory Model: SMALL
File Format : ELF\DWARF 2.0
Linker      : SmartLinker V-5.0.40 Build 10203, Jul 23 2010

*********************************************************************************************
FILE SECTION
---------------------------------------------------------------------------------------------
main.asm.o                              Model: SMALL,         Lang: Assembler

*********************************************************************************************
STARTUP SECTION
---------------------------------------------------------------------------------------------
Entry point: 0xC000 (Entry)

*********************************************************************************************
SECTION-ALLOCATION SECTION
Section Name                    Size  Type     From       To       Segment
---------------------------------------------------------------------------------------------
.init                             80     R     0xC000     0xC04F   ROM_C000
.data                              2   R/W     0x1000     0x1001   RAM
.stack                           256   R/W     0x1002     0x1101   RAM
.vectSeg0_vect                     2     R     0xFFFE     0xFFFF   .vectSeg0

Summary of section sizes per section type:
READ_ONLY (R):          52 (dec:       82)
READ_WRITE (R/W):      102 (dec:      258)

*********************************************************************************************
VECTOR-ALLOCATION SECTION
    Address     InitValue   InitFunction
---------------------------------------------------------------------------------------------
     0xFFFE        0xC000   Entry

*********************************************************************************************
OBJECT-ALLOCATION SECTION
     Name               Module                 Addr   hSize   dSize     Ref    Section   RLIB
---------------------------------------------------------------------------------------------
MODULE:                 -- main.asm.o --
- PROCEDURES:
     Entry                                     C000      17      23       0   .init       
     main                                      C000       0       0       0   .init       
     reset                                     C017       A      10       0   .init       
     loop                                      C021      16      22       0   .init       
     lightOn                                   C037       3       3       1   .init       
     delay_0_5sec                              C03A       7       7       1   .init       
     delay_loop                                C041       A      10       1   .init       
     delay_loop_2                              C04B       5       5       0   .init       
- VARIABLES:
     var1                                      1000       2       2       3   .data       
- LABELS:
     __SEG_END_SSTACK                          1102       0       0       1               

*********************************************************************************************
MODULE STATISTIC
  Name                                      Data   Code  Const
---------------------------------------------------------------------------------------------
  main.asm.o                                   2     80      0
  other                                      256      2      0

*********************************************************************************************
SECTION USE IN OBJECT-ALLOCATION SECTION
---------------------------------------------------------------------------------------------
SECTION: ".data"
  var1 
SECTION: ".init"
  main Entry reset loop lightOn delay_0_5sec delay_loop delay_loop_2 

*********************************************************************************************
OBJECT LIST SORTED BY ADDRESS
     Name                                      Addr   hSize   dSize     Ref    Section   RLIB
---------------------------------------------------------------------------------------------
     var1                                      1000       2       2       3   .data       
     main                                      C000       0       0       0   .init       
     Entry                                     C000      17      23       0   .init       
     reset                                     C017       A      10       0   .init       
     loop                                      C021      16      22       0   .init       
     lightOn                                   C037       3       3       1   .init       
     delay_0_5sec                              C03A       7       7       1   .init       
     delay_loop                                C041       A      10       1   .init       
     delay_loop_2                              C04B       5       5       0   .init       

*********************************************************************************************
UNUSED-OBJECTS SECTION
---------------------------------------------------------------------------------------------

*********************************************************************************************
COPYDOWN SECTION
---------------------------------------------------------------------------------------------

*********************************************************************************************
OBJECT-DEPENDENCIES SECTION
---------------------------------------------------------------------------------------------
Entry                     USES __SEG_END_SSTACK 
reset                     USES var1 
loop                      USES var1 lightOn delay_0_5sec 
delay_0_5sec              USES delay_loop 

*********************************************************************************************
DEPENDENCY TREE
*********************************************************************************************
 main and _Startup Group
 | 
 +- main                
 |    
 +- Entry               
      
*********************************************************************************************
STATISTIC SECTION
---------------------------------------------------------------------------------------------

ExeFile:
--------
Number of blocks to be downloaded: 2
Total size of all blocks to be downloaded: 82

