*** EVALUATION ***
PROGRAM "C:\Users\Nutzer\Documents\CA\CA3_Lab1\CA3_Lab1\lab1a - Kopie\bin\Simulator.abs"

*********************************************************************************************
TARGET SECTION
---------------------------------------------------------------------------------------------
Processor   : Freescale HC12
Memory Model: SMALL
File Format : ELF\DWARF 2.0
Linker      : SmartLinker V-5.0.40 Build 10203, Jul 23 2010

*********************************************************************************************
FILE SECTION
---------------------------------------------------------------------------------------------
main.asm.o                              Model: SMALL,         Lang: Assembler
delay.asm.o                             Model: SMALL,         Lang: Assembler
led.asm.o                               Model: SMALL,         Lang: Assembler

*********************************************************************************************
STARTUP SECTION
---------------------------------------------------------------------------------------------
Entry point: 0xC000 (Entry)

*********************************************************************************************
SECTION-ALLOCATION SECTION
Section Name                    Size  Type     From       To       Segment
---------------------------------------------------------------------------------------------
.init                             84     R     0xC000     0xC053   ROM_C000
.data                              2   R/W     0x1000     0x1001   RAM
.stack                           256   R/W     0x1002     0x1101   RAM
.vectSeg0_vect                     2     R     0xFFFE     0xFFFF   .vectSeg0

Summary of section sizes per section type:
READ_ONLY (R):          56 (dec:       86)
READ_WRITE (R/W):      102 (dec:      258)

*********************************************************************************************
VECTOR-ALLOCATION SECTION
    Address     InitValue   InitFunction
---------------------------------------------------------------------------------------------
     0xFFFE        0xC000   Entry

*********************************************************************************************
OBJECT-ALLOCATION SECTION
     Name               Module                 Addr   hSize   dSize     Ref    Section   RLIB
---------------------------------------------------------------------------------------------
MODULE:                 -- main.asm.o --
- PROCEDURES:
     Entry                                     C000       8       8       0   .init       
     main                                      C000       0       0       0   .init       
     reset                                     C008       A      10       0   .init       
     loop                                      C012      16      22       0   .init       
     lightOn                                   C028       3       3       1   .init       
- VARIABLES:
     var1                                      1000       2       2       3   .data       
- LABELS:
     __SEG_END_SSTACK                          1102       0       0       1               
MODULE:                 -- delay.asm.o --
- PROCEDURES:
     delay_0_5sec                              C02B       7       7       1   .init       
     delay_loop                                C032       A      10       1   .init       
     delay_loop_2                              C03C       5       5       0   .init       
- VARIABLES:
MODULE:                 -- led.asm.o --
- PROCEDURES:
     initLED                                   C041      13      19       1   .init       
- VARIABLES:

*********************************************************************************************
MODULE STATISTIC
  Name                                      Data   Code  Const
---------------------------------------------------------------------------------------------
  main.asm.o                                   2     43      0
  delay.asm.o                                  0     22      0
  led.asm.o                                    0     19      0
  other                                      256      2      0

*********************************************************************************************
SECTION USE IN OBJECT-ALLOCATION SECTION
---------------------------------------------------------------------------------------------
SECTION: ".data"
  var1 
SECTION: ".init"
  main Entry reset loop lightOn delay_0_5sec delay_loop delay_loop_2 initLED 

*********************************************************************************************
OBJECT LIST SORTED BY ADDRESS
     Name                                      Addr   hSize   dSize     Ref    Section   RLIB
---------------------------------------------------------------------------------------------
     var1                                      1000       2       2       3   .data       
     main                                      C000       0       0       0   .init       
     Entry                                     C000       8       8       0   .init       
     reset                                     C008       A      10       0   .init       
     loop                                      C012      16      22       0   .init       
     lightOn                                   C028       3       3       1   .init       
     delay_0_5sec                              C02B       7       7       1   .init       
     delay_loop                                C032       A      10       1   .init       
     delay_loop_2                              C03C       5       5       0   .init       
     initLED                                   C041      13      19       1   .init       

*********************************************************************************************
UNUSED-OBJECTS SECTION
---------------------------------------------------------------------------------------------

*********************************************************************************************
COPYDOWN SECTION
---------------------------------------------------------------------------------------------

*********************************************************************************************
OBJECT-DEPENDENCIES SECTION
---------------------------------------------------------------------------------------------
Entry                     USES __SEG_END_SSTACK initLED 
reset                     USES var1 
loop                      USES var1 lightOn delay_0_5sec 
delay_0_5sec              USES delay_loop 

*********************************************************************************************
DEPENDENCY TREE
*********************************************************************************************
 main and _Startup Group
 | 
 +- main                
 |    
 +- Entry               
    | 
    +- initLED             
         
*********************************************************************************************
STATISTIC SECTION
---------------------------------------------------------------------------------------------

ExeFile:
--------
Number of blocks to be downloaded: 2
Total size of all blocks to be downloaded: 86

